// Jest Snapshot v1, https://goo.gl/fbAQLP

exports[`snapshot test for Quote component renders correctly 1`] = `
<p>
  Mathematics is not about numbers, equations, computations, or algorithms: it is about understanding. â€“William Paul ThurstonHomeCalculatorQuote
</p>
`;
